╭──────────────┬───────┬──────────────────┬─────────┬───────╮
│ QNAME        │ RTYPE │ NAMESERVER       │ ANS/ERR │ COUNT │
├──────────────┼───────┼──────────────────┼─────────┼───────┤
│ linkedin.com │ A     │ # passed ns:port │ 1.2.3.4 │     2 │
│              │       │ 0.0.0.0:53       │         │       │
╰──────────────┴───────┴──────────────────┴─────────┴───────╯
